# I am a comment
 # Another comment
ABCD    101.0   81.0    1.0     2.0     
EFGH    100.0   80.0    1.0     2.0     
IJKL    80.0    60.0    1.0     2.0     
MNOP    81.0    59.0    1.0     2.0     
QRST    80.0    80.0    1.0     2.0     
UVWX    79.0    81.0    1.0     2.0     
YZYZ    100.0   60.0    1.0     2.0     
ADFE    101.0   59.0    1.0     2.0     
