# I am a comment
 # Another comment
ABCD    101.0   101.0   81.0    1.0     2.0     
EFGH    100.0   100.0   80.0    1.0     2.0     
