# I am a comment
 # Another comment
IN01    90.0    90.0    70.0    1.0     2.0     
IN02    85.0    85.0    65.0    1.0     2.0     
